// Jest Snapshot v1, https://goo.gl/fbAQLP

exports[`Hero Hero should render 1`] = `
ShallowWrapper {
  Symbol(enzyme.__root__): [Circular],
  Symbol(enzyme.__unrendered__): <Hero
    backgroundColor="transparent"
    buttons={Array []}
    header="AAAAAAAAAAAAAAA"
    image=""
    imgFilter={null}
    isCentered={true}
    isFixed={true}
    minHeight="100vh"
    opacity={0}
    overlayColor="#fff"
    parallaxOffset={0}
    particles={true}
    particlesParams={Object {}}
    particlesSugar={null}
    style={null}
    subHeader="BBBBBBBBBB"
    subHeaderPosition="bottom"
  />,
  Symbol(enzyme.__renderer__): Object {
    "batchedUpdates": [Function],
    "getNode": [Function],
    "render": [Function],
    "simulateError": [Function],
    "simulateEvent": [Function],
    "unmount": [Function],
  },
  Symbol(enzyme.__node__): Object {
    "instance": null,
    "key": undefined,
    "nodeType": "host",
    "props": Object {
      "children": <LazyHero
        className={undefined}
        color="#fff"
        imageSrc=""
        isCentered={true}
        isFixed={true}
        minHeight="100vh"
        opacity={0}
        parallaxOffset={0}
        style={null}
        transitionDuration={600}
        transitionTimingFunction="ease-in-out"
      >
        <div
          className="Hero__Particles"
        >
          <t
            height="100%"
            params={Object {}}
            style={Object {}}
            width="100%"
          />
        </div>
        <div
          className="Hero__Container d-flex align-content-center"
        >
          <Container
            className=""
            fluid={false}
          >
            <Header
              borderBottom={false}
              borderTop={false}
              className="Hero__Header mb-5"
              color=""
              icon=""
              textAlign="center"
              type="h1"
            >
              AAAAAAAAAAAAAAA
            </Header>
            <Header
              borderBottom={false}
              borderTop={false}
              className="Hero__SubHeader mb-5"
              color=""
              icon=""
              textAlign="center"
              type="h2"
            >
              BBBBBBBBBB
            </Header>
          </Container>
        </div>
      </LazyHero>,
      "className": "Hero Hero_1541105775050_04648036763981598",
      "style": Object {
        "backgroundColor": "transparent",
      },
    },
    "ref": null,
    "rendered": Object {
      "instance": null,
      "key": undefined,
      "nodeType": "class",
      "props": Object {
        "children": Array [
          <div
            className="Hero__Particles"
          >
            <t
              height="100%"
              params={Object {}}
              style={Object {}}
              width="100%"
            />
          </div>,
          <div
            className="Hero__Container d-flex align-content-center"
          >
            <Container
              className=""
              fluid={false}
            >
              <Header
                borderBottom={false}
                borderTop={false}
                className="Hero__Header mb-5"
                color=""
                icon=""
                textAlign="center"
                type="h1"
              >
                AAAAAAAAAAAAAAA
              </Header>
              <Header
                borderBottom={false}
                borderTop={false}
                className="Hero__SubHeader mb-5"
                color=""
                icon=""
                textAlign="center"
                type="h2"
              >
                BBBBBBBBBB
              </Header>
            </Container>
          </div>,
          null,
        ],
        "className": undefined,
        "color": "#fff",
        "imageSrc": "",
        "isCentered": true,
        "isFixed": true,
        "minHeight": "100vh",
        "opacity": 0,
        "parallaxOffset": 0,
        "style": null,
        "transitionDuration": 600,
        "transitionTimingFunction": "ease-in-out",
      },
      "ref": null,
      "rendered": Array [
        Object {
          "instance": null,
          "key": undefined,
          "nodeType": "host",
          "props": Object {
            "children": <t
              height="100%"
              params={Object {}}
              style={Object {}}
              width="100%"
            />,
            "className": "Hero__Particles",
          },
          "ref": null,
          "rendered": Object {
            "instance": null,
            "key": undefined,
            "nodeType": "class",
            "props": Object {
              "height": "100%",
              "params": Object {},
              "style": Object {},
              "width": "100%",
            },
            "ref": null,
            "rendered": null,
            "type": [Function],
          },
          "type": "div",
        },
        Object {
          "instance": null,
          "key": undefined,
          "nodeType": "host",
          "props": Object {
            "children": Array [
              <Container
                className=""
                fluid={false}
              >
                <Header
                  borderBottom={false}
                  borderTop={false}
                  className="Hero__Header mb-5"
                  color=""
                  icon=""
                  textAlign="center"
                  type="h1"
                >
                  AAAAAAAAAAAAAAA
                </Header>
                <Header
                  borderBottom={false}
                  borderTop={false}
                  className="Hero__SubHeader mb-5"
                  color=""
                  icon=""
                  textAlign="center"
                  type="h2"
                >
                  BBBBBBBBBB
                </Header>
              </Container>,
              null,
            ],
            "className": "Hero__Container d-flex align-content-center",
          },
          "ref": null,
          "rendered": Array [
            Object {
              "instance": null,
              "key": undefined,
              "nodeType": "class",
              "props": Object {
                "children": Array [
                  false,
                  <Header
                    borderBottom={false}
                    borderTop={false}
                    className="Hero__Header mb-5"
                    color=""
                    icon=""
                    textAlign="center"
                    type="h1"
                  >
                    AAAAAAAAAAAAAAA
                  </Header>,
                  <Header
                    borderBottom={false}
                    borderTop={false}
                    className="Hero__SubHeader mb-5"
                    color=""
                    icon=""
                    textAlign="center"
                    type="h2"
                  >
                    BBBBBBBBBB
                  </Header>,
                  Array [],
                ],
                "className": "",
                "fluid": false,
              },
              "ref": null,
              "rendered": Array [
                false,
                Object {
                  "instance": null,
                  "key": undefined,
                  "nodeType": "class",
                  "props": Object {
                    "borderBottom": false,
                    "borderTop": false,
                    "children": "AAAAAAAAAAAAAAA",
                    "className": "Hero__Header mb-5",
                    "color": "",
                    "icon": "",
                    "textAlign": "center",
                    "type": "h1",
                  },
                  "ref": null,
                  "rendered": "AAAAAAAAAAAAAAA",
                  "type": [Function],
                },
                Object {
                  "instance": null,
                  "key": undefined,
                  "nodeType": "class",
                  "props": Object {
                    "borderBottom": false,
                    "borderTop": false,
                    "children": "BBBBBBBBBB",
                    "className": "Hero__SubHeader mb-5",
                    "color": "",
                    "icon": "",
                    "textAlign": "center",
                    "type": "h2",
                  },
                  "ref": null,
                  "rendered": "BBBBBBBBBB",
                  "type": [Function],
                },
              ],
              "type": [Function],
            },
            null,
          ],
          "type": "div",
        },
        null,
      ],
      "type": [Function],
    },
    "type": "div",
  },
  Symbol(enzyme.__nodes__): Array [
    Object {
      "instance": null,
      "key": undefined,
      "nodeType": "host",
      "props": Object {
        "children": <LazyHero
          className={undefined}
          color="#fff"
          imageSrc=""
          isCentered={true}
          isFixed={true}
          minHeight="100vh"
          opacity={0}
          parallaxOffset={0}
          style={null}
          transitionDuration={600}
          transitionTimingFunction="ease-in-out"
        >
          <div
            className="Hero__Particles"
          >
            <t
              height="100%"
              params={Object {}}
              style={Object {}}
              width="100%"
            />
          </div>
          <div
            className="Hero__Container d-flex align-content-center"
          >
            <Container
              className=""
              fluid={false}
            >
              <Header
                borderBottom={false}
                borderTop={false}
                className="Hero__Header mb-5"
                color=""
                icon=""
                textAlign="center"
                type="h1"
              >
                AAAAAAAAAAAAAAA
              </Header>
              <Header
                borderBottom={false}
                borderTop={false}
                className="Hero__SubHeader mb-5"
                color=""
                icon=""
                textAlign="center"
                type="h2"
              >
                BBBBBBBBBB
              </Header>
            </Container>
          </div>
        </LazyHero>,
        "className": "Hero Hero_1541105775050_04648036763981598",
        "style": Object {
          "backgroundColor": "transparent",
        },
      },
      "ref": null,
      "rendered": Object {
        "instance": null,
        "key": undefined,
        "nodeType": "class",
        "props": Object {
          "children": Array [
            <div
              className="Hero__Particles"
            >
              <t
                height="100%"
                params={Object {}}
                style={Object {}}
                width="100%"
              />
            </div>,
            <div
              className="Hero__Container d-flex align-content-center"
            >
              <Container
                className=""
                fluid={false}
              >
                <Header
                  borderBottom={false}
                  borderTop={false}
                  className="Hero__Header mb-5"
                  color=""
                  icon=""
                  textAlign="center"
                  type="h1"
                >
                  AAAAAAAAAAAAAAA
                </Header>
                <Header
                  borderBottom={false}
                  borderTop={false}
                  className="Hero__SubHeader mb-5"
                  color=""
                  icon=""
                  textAlign="center"
                  type="h2"
                >
                  BBBBBBBBBB
                </Header>
              </Container>
            </div>,
            null,
          ],
          "className": undefined,
          "color": "#fff",
          "imageSrc": "",
          "isCentered": true,
          "isFixed": true,
          "minHeight": "100vh",
          "opacity": 0,
          "parallaxOffset": 0,
          "style": null,
          "transitionDuration": 600,
          "transitionTimingFunction": "ease-in-out",
        },
        "ref": null,
        "rendered": Array [
          Object {
            "instance": null,
            "key": undefined,
            "nodeType": "host",
            "props": Object {
              "children": <t
                height="100%"
                params={Object {}}
                style={Object {}}
                width="100%"
              />,
              "className": "Hero__Particles",
            },
            "ref": null,
            "rendered": Object {
              "instance": null,
              "key": undefined,
              "nodeType": "class",
              "props": Object {
                "height": "100%",
                "params": Object {},
                "style": Object {},
                "width": "100%",
              },
              "ref": null,
              "rendered": null,
              "type": [Function],
            },
            "type": "div",
          },
          Object {
            "instance": null,
            "key": undefined,
            "nodeType": "host",
            "props": Object {
              "children": Array [
                <Container
                  className=""
                  fluid={false}
                >
                  <Header
                    borderBottom={false}
                    borderTop={false}
                    className="Hero__Header mb-5"
                    color=""
                    icon=""
                    textAlign="center"
                    type="h1"
                  >
                    AAAAAAAAAAAAAAA
                  </Header>
                  <Header
                    borderBottom={false}
                    borderTop={false}
                    className="Hero__SubHeader mb-5"
                    color=""
                    icon=""
                    textAlign="center"
                    type="h2"
                  >
                    BBBBBBBBBB
                  </Header>
                </Container>,
                null,
              ],
              "className": "Hero__Container d-flex align-content-center",
            },
            "ref": null,
            "rendered": Array [
              Object {
                "instance": null,
                "key": undefined,
                "nodeType": "class",
                "props": Object {
                  "children": Array [
                    false,
                    <Header
                      borderBottom={false}
                      borderTop={false}
                      className="Hero__Header mb-5"
                      color=""
                      icon=""
                      textAlign="center"
                      type="h1"
                    >
                      AAAAAAAAAAAAAAA
                    </Header>,
                    <Header
                      borderBottom={false}
                      borderTop={false}
                      className="Hero__SubHeader mb-5"
                      color=""
                      icon=""
                      textAlign="center"
                      type="h2"
                    >
                      BBBBBBBBBB
                    </Header>,
                    Array [],
                  ],
                  "className": "",
                  "fluid": false,
                },
                "ref": null,
                "rendered": Array [
                  false,
                  Object {
                    "instance": null,
                    "key": undefined,
                    "nodeType": "class",
                    "props": Object {
                      "borderBottom": false,
                      "borderTop": false,
                      "children": "AAAAAAAAAAAAAAA",
                      "className": "Hero__Header mb-5",
                      "color": "",
                      "icon": "",
                      "textAlign": "center",
                      "type": "h1",
                    },
                    "ref": null,
                    "rendered": "AAAAAAAAAAAAAAA",
                    "type": [Function],
                  },
                  Object {
                    "instance": null,
                    "key": undefined,
                    "nodeType": "class",
                    "props": Object {
                      "borderBottom": false,
                      "borderTop": false,
                      "children": "BBBBBBBBBB",
                      "className": "Hero__SubHeader mb-5",
                      "color": "",
                      "icon": "",
                      "textAlign": "center",
                      "type": "h2",
                    },
                    "ref": null,
                    "rendered": "BBBBBBBBBB",
                    "type": [Function],
                  },
                ],
                "type": [Function],
              },
              null,
            ],
            "type": "div",
          },
          null,
        ],
        "type": [Function],
      },
      "type": "div",
    },
  ],
  Symbol(enzyme.__options__): Object {
    "adapter": ReactSixteenAdapter {
      "options": Object {
        "enableComponentDidUpdateOnSetState": true,
        "lifecycles": Object {
          "componentDidUpdate": Object {
            "onSetState": true,
          },
          "getDerivedStateFromProps": true,
          "getSnapshotBeforeUpdate": true,
          "setState": Object {
            "skipsComponentDidUpdateOnNullish": true,
          },
        },
      },
    },
  },
}
`;
