// Jest Snapshot v1, https://goo.gl/fbAQLP

exports[`Backers BackersOpenCollective should render 1`] = `
ShallowWrapper {
  Symbol(enzyme.__root__): [Circular],
  Symbol(enzyme.__unrendered__): <BackersOpenCollective
    collective="chrome"
    imageBordered={true}
    imageGray={false}
    imageRounded={true}
    loadingClass="fa fa-circle-o-notch fa-spin"
    loadingText="Loading..."
    sortDirection="desc"
  />,
  Symbol(enzyme.__renderer__): Object {
    "batchedUpdates": [Function],
    "getNode": [Function],
    "render": [Function],
    "simulateError": [Function],
    "simulateEvent": [Function],
    "unmount": [Function],
  },
  Symbol(enzyme.__node__): Object {
    "instance": null,
    "key": undefined,
    "nodeType": "function",
    "props": Object {
      "children": Array [
        <div
          className="text-center"
        >
          <Icon
            className=""
            icon="fa fa-circle-o-notch fa-spin"
            onClick={[Function]}
            style={Object {}}
            title=""
          />
          <p>
            Loading...
          </p>
        </div>,
        false,
      ],
    },
    "ref": null,
    "rendered": Array [
      Object {
        "instance": null,
        "key": undefined,
        "nodeType": "host",
        "props": Object {
          "children": Array [
            <Icon
              className=""
              icon="fa fa-circle-o-notch fa-spin"
              onClick={[Function]}
              style={Object {}}
              title=""
            />,
            <p>
              Loading...
            </p>,
          ],
          "className": "text-center",
        },
        "ref": null,
        "rendered": Array [
          Object {
            "instance": null,
            "key": undefined,
            "nodeType": "class",
            "props": Object {
              "className": "",
              "icon": "fa fa-circle-o-notch fa-spin",
              "onClick": [Function],
              "style": Object {},
              "title": "",
            },
            "ref": null,
            "rendered": null,
            "type": [Function],
          },
          Object {
            "instance": null,
            "key": undefined,
            "nodeType": "host",
            "props": Object {
              "children": "Loading...",
            },
            "ref": null,
            "rendered": "Loading...",
            "type": "p",
          },
        ],
        "type": "div",
      },
      false,
    ],
    "type": Symbol(react.fragment),
  },
  Symbol(enzyme.__nodes__): Array [
    Object {
      "instance": null,
      "key": undefined,
      "nodeType": "function",
      "props": Object {
        "children": Array [
          <div
            className="text-center"
          >
            <Icon
              className=""
              icon="fa fa-circle-o-notch fa-spin"
              onClick={[Function]}
              style={Object {}}
              title=""
            />
            <p>
              Loading...
            </p>
          </div>,
          false,
        ],
      },
      "ref": null,
      "rendered": Array [
        Object {
          "instance": null,
          "key": undefined,
          "nodeType": "host",
          "props": Object {
            "children": Array [
              <Icon
                className=""
                icon="fa fa-circle-o-notch fa-spin"
                onClick={[Function]}
                style={Object {}}
                title=""
              />,
              <p>
                Loading...
              </p>,
            ],
            "className": "text-center",
          },
          "ref": null,
          "rendered": Array [
            Object {
              "instance": null,
              "key": undefined,
              "nodeType": "class",
              "props": Object {
                "className": "",
                "icon": "fa fa-circle-o-notch fa-spin",
                "onClick": [Function],
                "style": Object {},
                "title": "",
              },
              "ref": null,
              "rendered": null,
              "type": [Function],
            },
            Object {
              "instance": null,
              "key": undefined,
              "nodeType": "host",
              "props": Object {
                "children": "Loading...",
              },
              "ref": null,
              "rendered": "Loading...",
              "type": "p",
            },
          ],
          "type": "div",
        },
        false,
      ],
      "type": Symbol(react.fragment),
    },
  ],
  Symbol(enzyme.__options__): Object {
    "adapter": ReactSixteenAdapter {
      "options": Object {
        "enableComponentDidUpdateOnSetState": true,
        "lifecycles": Object {
          "componentDidUpdate": Object {
            "onSetState": true,
          },
          "getDerivedStateFromProps": true,
          "getSnapshotBeforeUpdate": true,
          "setState": Object {
            "skipsComponentDidUpdateOnNullish": true,
          },
        },
      },
    },
  },
}
`;
