// Jest Snapshot v1, https://goo.gl/fbAQLP

exports[`Location Location should render 1`] = `
ShallowWrapper {
  Symbol(enzyme.__root__): [Circular],
  Symbol(enzyme.__unrendered__): <Location
    apiKey=""
    language="en"
    lat={0}
    lng={0}
    markers={Array []}
    zoom={1}
  />,
  Symbol(enzyme.__renderer__): Object {
    "batchedUpdates": [Function],
    "getNode": [Function],
    "render": [Function],
    "simulateError": [Function],
    "simulateEvent": [Function],
    "unmount": [Function],
  },
  Symbol(enzyme.__node__): Object {
    "instance": null,
    "key": undefined,
    "nodeType": "class",
    "props": Object {
      "bootstrapURLKeys": Object {
        "key": "",
        "language": "en",
      },
      "center": Object {
        "lat": 0,
        "lng": 0,
      },
      "children": Array [],
      "debounced": true,
      "distanceToMouse": [Function],
      "googleMapLoader": [Function],
      "heatmap": Object {},
      "heatmapLibrary": false,
      "hoverDistance": 30,
      "layerTypes": Array [],
      "options": [Function],
      "style": Object {
        "height": "100%",
        "margin": 0,
        "padding": 0,
        "position": "relative",
        "width": "100%",
      },
      "yesIWantToUseGoogleMapApiInternals": false,
      "zoom": 1,
    },
    "ref": null,
    "rendered": Array [],
    "type": [Function],
  },
  Symbol(enzyme.__nodes__): Array [
    Object {
      "instance": null,
      "key": undefined,
      "nodeType": "class",
      "props": Object {
        "bootstrapURLKeys": Object {
          "key": "",
          "language": "en",
        },
        "center": Object {
          "lat": 0,
          "lng": 0,
        },
        "children": Array [],
        "debounced": true,
        "distanceToMouse": [Function],
        "googleMapLoader": [Function],
        "heatmap": Object {},
        "heatmapLibrary": false,
        "hoverDistance": 30,
        "layerTypes": Array [],
        "options": [Function],
        "style": Object {
          "height": "100%",
          "margin": 0,
          "padding": 0,
          "position": "relative",
          "width": "100%",
        },
        "yesIWantToUseGoogleMapApiInternals": false,
        "zoom": 1,
      },
      "ref": null,
      "rendered": Array [],
      "type": [Function],
    },
  ],
  Symbol(enzyme.__options__): Object {
    "adapter": ReactSixteenAdapter {
      "options": Object {
        "enableComponentDidUpdateOnSetState": true,
        "lifecycles": Object {
          "componentDidUpdate": Object {
            "onSetState": true,
          },
          "getDerivedStateFromProps": true,
          "getSnapshotBeforeUpdate": true,
          "setState": Object {
            "skipsComponentDidUpdateOnNullish": true,
          },
        },
      },
    },
  },
}
`;
