// Jest Snapshot v1, https://goo.gl/fbAQLP

exports[`Backers Backers should render 1`] = `
ShallowWrapper {
  Symbol(enzyme.__root__): [Circular],
  Symbol(enzyme.__unrendered__): <Backers
    backers={Array []}
    imageBordered={true}
    imageGray={false}
    imageRounded={true}
    vendor="chrome"
  />,
  Symbol(enzyme.__renderer__): Object {
    "batchedUpdates": [Function],
    "getNode": [Function],
    "render": [Function],
    "simulateError": [Function],
    "simulateEvent": [Function],
    "unmount": [Function],
  },
  Symbol(enzyme.__node__): Object {
    "instance": null,
    "key": undefined,
    "nodeType": "host",
    "props": Object {
      "children": <ImageList
        ccsClassName="px-2"
        gray={false}
        imageBordered={true}
        imageRounded={true}
        imageWidth="100"
        images={Array []}
      />,
      "className": "Backers",
    },
    "ref": null,
    "rendered": Object {
      "instance": null,
      "key": undefined,
      "nodeType": "class",
      "props": Object {
        "ccsClassName": "px-2",
        "gray": false,
        "imageBordered": true,
        "imageRounded": true,
        "imageWidth": "100",
        "images": Array [],
      },
      "ref": null,
      "rendered": null,
      "type": [Function],
    },
    "type": "div",
  },
  Symbol(enzyme.__nodes__): Array [
    Object {
      "instance": null,
      "key": undefined,
      "nodeType": "host",
      "props": Object {
        "children": <ImageList
          ccsClassName="px-2"
          gray={false}
          imageBordered={true}
          imageRounded={true}
          imageWidth="100"
          images={Array []}
        />,
        "className": "Backers",
      },
      "ref": null,
      "rendered": Object {
        "instance": null,
        "key": undefined,
        "nodeType": "class",
        "props": Object {
          "ccsClassName": "px-2",
          "gray": false,
          "imageBordered": true,
          "imageRounded": true,
          "imageWidth": "100",
          "images": Array [],
        },
        "ref": null,
        "rendered": null,
        "type": [Function],
      },
      "type": "div",
    },
  ],
  Symbol(enzyme.__options__): Object {
    "adapter": ReactSixteenAdapter {
      "options": Object {
        "enableComponentDidUpdateOnSetState": true,
        "lifecycles": Object {
          "componentDidUpdate": Object {
            "onSetState": true,
          },
          "getDerivedStateFromProps": true,
          "getSnapshotBeforeUpdate": true,
          "setState": Object {
            "skipsComponentDidUpdateOnNullish": true,
          },
        },
      },
    },
  },
}
`;
