// Jest Snapshot v1, https://goo.gl/fbAQLP

exports[`Navbar Navbar should render 1`] = `
ShallowWrapper {
  Symbol(enzyme.__root__): [Circular],
  Symbol(enzyme.__unrendered__): <Navbar
    brandLink="https://www.front10.com"
    brandLogo="/assets/images/logo/front10.png"
    brandName="front10"
    className=""
    expand=""
    fixed={false}
    leftItems={Array []}
    onItemClick={[Function]}
    rightItems={Array []}
    transparent={false}
  />,
  Symbol(enzyme.__renderer__): Object {
    "batchedUpdates": [Function],
    "getNode": [Function],
    "render": [Function],
    "simulateError": [Function],
    "simulateEvent": [Function],
    "unmount": [Function],
  },
  Symbol(enzyme.__node__): Object {
    "instance": null,
    "key": undefined,
    "nodeType": "host",
    "props": Object {
      "children": Array [
        <Button
          active={false}
          ariaLabel="Toggle navigation"
          circle={false}
          className="navbar-toggler mr-3 Navbar__Toggler"
          color="light"
          disabled={false}
          loading={false}
          loadingClass="fa fa-circle-o-notch fa-spin"
          onClick={[Function]}
          outline={false}
          rounded={true}
          size=""
          style={Object {}}
          tooltip=""
          type="button"
        >
          <Icon
            className=""
            icon="fa fa-bars"
            onClick={[Function]}
            style={Object {}}
            title=""
          />
        </Button>,
        <NavbarBrand
          className="mr-auto"
          href="https://www.front10.com"
        >
          <Image
            alt="Company logo"
            border={false}
            className="d-inline-block align-top mr-1 Logo"
            imgFilter={null}
            rounded={false}
            shadow={false}
            src="/assets/images/logo/front10.png"
            tooltip=""
            width={undefined}
          />
          front10
        </NavbarBrand>,
        false,
        false,
        null,
      ],
      "className": " navbar navbar-expand Navbar navbar-down",
    },
    "ref": null,
    "rendered": Array [
      Object {
        "instance": null,
        "key": undefined,
        "nodeType": "class",
        "props": Object {
          "active": false,
          "ariaLabel": "Toggle navigation",
          "children": <Icon
            className=""
            icon="fa fa-bars"
            onClick={[Function]}
            style={Object {}}
            title=""
          />,
          "circle": false,
          "className": "navbar-toggler mr-3 Navbar__Toggler",
          "color": "light",
          "disabled": false,
          "loading": false,
          "loadingClass": "fa fa-circle-o-notch fa-spin",
          "onClick": [Function],
          "outline": false,
          "rounded": true,
          "size": "",
          "style": Object {},
          "tooltip": "",
          "type": "button",
        },
        "ref": null,
        "rendered": Object {
          "instance": null,
          "key": undefined,
          "nodeType": "class",
          "props": Object {
            "className": "",
            "icon": "fa fa-bars",
            "onClick": [Function],
            "style": Object {},
            "title": "",
          },
          "ref": null,
          "rendered": null,
          "type": [Function],
        },
        "type": [Function],
      },
      Object {
        "instance": null,
        "key": undefined,
        "nodeType": "class",
        "props": Object {
          "children": Array [
            <Image
              alt="Company logo"
              border={false}
              className="d-inline-block align-top mr-1 Logo"
              imgFilter={null}
              rounded={false}
              shadow={false}
              src="/assets/images/logo/front10.png"
              tooltip=""
              width={undefined}
            />,
            "front10",
          ],
          "className": "mr-auto",
          "href": "https://www.front10.com",
        },
        "ref": null,
        "rendered": Array [
          Object {
            "instance": null,
            "key": undefined,
            "nodeType": "class",
            "props": Object {
              "alt": "Company logo",
              "border": false,
              "className": "d-inline-block align-top mr-1 Logo",
              "imgFilter": null,
              "rounded": false,
              "shadow": false,
              "src": "/assets/images/logo/front10.png",
              "tooltip": "",
              "width": undefined,
            },
            "ref": null,
            "rendered": null,
            "type": [Function],
          },
          "front10",
        ],
        "type": [Function],
      },
      false,
      false,
      null,
    ],
    "type": "nav",
  },
  Symbol(enzyme.__nodes__): Array [
    Object {
      "instance": null,
      "key": undefined,
      "nodeType": "host",
      "props": Object {
        "children": Array [
          <Button
            active={false}
            ariaLabel="Toggle navigation"
            circle={false}
            className="navbar-toggler mr-3 Navbar__Toggler"
            color="light"
            disabled={false}
            loading={false}
            loadingClass="fa fa-circle-o-notch fa-spin"
            onClick={[Function]}
            outline={false}
            rounded={true}
            size=""
            style={Object {}}
            tooltip=""
            type="button"
          >
            <Icon
              className=""
              icon="fa fa-bars"
              onClick={[Function]}
              style={Object {}}
              title=""
            />
          </Button>,
          <NavbarBrand
            className="mr-auto"
            href="https://www.front10.com"
          >
            <Image
              alt="Company logo"
              border={false}
              className="d-inline-block align-top mr-1 Logo"
              imgFilter={null}
              rounded={false}
              shadow={false}
              src="/assets/images/logo/front10.png"
              tooltip=""
              width={undefined}
            />
            front10
          </NavbarBrand>,
          false,
          false,
          null,
        ],
        "className": " navbar navbar-expand Navbar navbar-down",
      },
      "ref": null,
      "rendered": Array [
        Object {
          "instance": null,
          "key": undefined,
          "nodeType": "class",
          "props": Object {
            "active": false,
            "ariaLabel": "Toggle navigation",
            "children": <Icon
              className=""
              icon="fa fa-bars"
              onClick={[Function]}
              style={Object {}}
              title=""
            />,
            "circle": false,
            "className": "navbar-toggler mr-3 Navbar__Toggler",
            "color": "light",
            "disabled": false,
            "loading": false,
            "loadingClass": "fa fa-circle-o-notch fa-spin",
            "onClick": [Function],
            "outline": false,
            "rounded": true,
            "size": "",
            "style": Object {},
            "tooltip": "",
            "type": "button",
          },
          "ref": null,
          "rendered": Object {
            "instance": null,
            "key": undefined,
            "nodeType": "class",
            "props": Object {
              "className": "",
              "icon": "fa fa-bars",
              "onClick": [Function],
              "style": Object {},
              "title": "",
            },
            "ref": null,
            "rendered": null,
            "type": [Function],
          },
          "type": [Function],
        },
        Object {
          "instance": null,
          "key": undefined,
          "nodeType": "class",
          "props": Object {
            "children": Array [
              <Image
                alt="Company logo"
                border={false}
                className="d-inline-block align-top mr-1 Logo"
                imgFilter={null}
                rounded={false}
                shadow={false}
                src="/assets/images/logo/front10.png"
                tooltip=""
                width={undefined}
              />,
              "front10",
            ],
            "className": "mr-auto",
            "href": "https://www.front10.com",
          },
          "ref": null,
          "rendered": Array [
            Object {
              "instance": null,
              "key": undefined,
              "nodeType": "class",
              "props": Object {
                "alt": "Company logo",
                "border": false,
                "className": "d-inline-block align-top mr-1 Logo",
                "imgFilter": null,
                "rounded": false,
                "shadow": false,
                "src": "/assets/images/logo/front10.png",
                "tooltip": "",
                "width": undefined,
              },
              "ref": null,
              "rendered": null,
              "type": [Function],
            },
            "front10",
          ],
          "type": [Function],
        },
        false,
        false,
        null,
      ],
      "type": "nav",
    },
  ],
  Symbol(enzyme.__options__): Object {
    "adapter": ReactSixteenAdapter {
      "options": Object {
        "enableComponentDidUpdateOnSetState": true,
        "lifecycles": Object {
          "componentDidUpdate": Object {
            "onSetState": true,
          },
          "getDerivedStateFromProps": true,
          "getSnapshotBeforeUpdate": true,
          "setState": Object {
            "skipsComponentDidUpdateOnNullish": true,
          },
        },
      },
    },
  },
}
`;
