// Jest Snapshot v1, https://goo.gl/fbAQLP

exports[`ContactInfo ContactInfo should render 1`] = `
ShallowWrapper {
  Symbol(enzyme.__root__): [Circular],
  Symbol(enzyme.__unrendered__): <ContactInfo
    address="Front10 address"
    contentAlign="left"
    email="hello@front10.com"
    fax="6554 6546 4664 655546"
    lat={0}
    lng={0}
    locationApiKey=""
    mobile="5555555"
    phone="55555555"
    showBorder={true}
    showIcons={true}
    website="www.front10.com"
  />,
  Symbol(enzyme.__renderer__): Object {
    "batchedUpdates": [Function],
    "getNode": [Function],
    "render": [Function],
    "simulateError": [Function],
    "simulateEvent": [Function],
    "unmount": [Function],
  },
  Symbol(enzyme.__node__): Object {
    "instance": null,
    "key": undefined,
    "nodeType": "class",
    "props": Object {
      "children": Array [
        0,
        <div
          className="ContactInfo__Information"
        >
          <Icon
            className=""
            icon="fa fa-map-marker"
            onClick={[Function]}
            style={Object {}}
            title=""
          />
          Front10 address
        </div>,
        <div
          className="ContactInfo__Information"
        >
          <Icon
            className=""
            icon="fa fa-envelope"
            onClick={[Function]}
            style={Object {}}
            title=""
          />
          hello@front10.com
        </div>,
        <div
          className="ContactInfo__Information"
        >
          <Icon
            className=""
            icon="fa fa-phone"
            onClick={[Function]}
            style={Object {}}
            title=""
          />
          55555555
        </div>,
        <div
          className="ContactInfo__Information"
        >
          <Icon
            className=""
            icon="fa fa-mobile"
            onClick={[Function]}
            style={Object {}}
            title=""
          />
          5555555
        </div>,
        <div
          className="ContactInfo__Information"
        >
          <Icon
            className=""
            icon="fa fa-fax"
            onClick={[Function]}
            style={Object {}}
            title=""
          />
          6554 6546 4664 655546
        </div>,
        <div
          className="ContactInfo__Information"
        >
          <Icon
            className=""
            icon="fa fa-globe"
            onClick={[Function]}
            style={Object {}}
            title=""
          />
          www.front10.com
        </div>,
      ],
      "contentAlign": "left",
      "image": "",
      "imageBorder": false,
      "imageCircle": true,
      "imageShadow": false,
      "shadow": false,
      "showBorder": true,
      "subTitle": "",
      "summary": "",
      "summaryJustified": false,
      "title": "",
    },
    "ref": null,
    "rendered": Array [
      0,
      Object {
        "instance": null,
        "key": undefined,
        "nodeType": "host",
        "props": Object {
          "children": Array [
            <Icon
              className=""
              icon="fa fa-map-marker"
              onClick={[Function]}
              style={Object {}}
              title=""
            />,
            "Front10 address",
          ],
          "className": "ContactInfo__Information",
        },
        "ref": null,
        "rendered": Array [
          Object {
            "instance": null,
            "key": undefined,
            "nodeType": "class",
            "props": Object {
              "className": "",
              "icon": "fa fa-map-marker",
              "onClick": [Function],
              "style": Object {},
              "title": "",
            },
            "ref": null,
            "rendered": null,
            "type": [Function],
          },
          "Front10 address",
        ],
        "type": "div",
      },
      Object {
        "instance": null,
        "key": undefined,
        "nodeType": "host",
        "props": Object {
          "children": Array [
            <Icon
              className=""
              icon="fa fa-envelope"
              onClick={[Function]}
              style={Object {}}
              title=""
            />,
            "hello@front10.com",
          ],
          "className": "ContactInfo__Information",
        },
        "ref": null,
        "rendered": Array [
          Object {
            "instance": null,
            "key": undefined,
            "nodeType": "class",
            "props": Object {
              "className": "",
              "icon": "fa fa-envelope",
              "onClick": [Function],
              "style": Object {},
              "title": "",
            },
            "ref": null,
            "rendered": null,
            "type": [Function],
          },
          "hello@front10.com",
        ],
        "type": "div",
      },
      Object {
        "instance": null,
        "key": undefined,
        "nodeType": "host",
        "props": Object {
          "children": Array [
            <Icon
              className=""
              icon="fa fa-phone"
              onClick={[Function]}
              style={Object {}}
              title=""
            />,
            "55555555",
          ],
          "className": "ContactInfo__Information",
        },
        "ref": null,
        "rendered": Array [
          Object {
            "instance": null,
            "key": undefined,
            "nodeType": "class",
            "props": Object {
              "className": "",
              "icon": "fa fa-phone",
              "onClick": [Function],
              "style": Object {},
              "title": "",
            },
            "ref": null,
            "rendered": null,
            "type": [Function],
          },
          "55555555",
        ],
        "type": "div",
      },
      Object {
        "instance": null,
        "key": undefined,
        "nodeType": "host",
        "props": Object {
          "children": Array [
            <Icon
              className=""
              icon="fa fa-mobile"
              onClick={[Function]}
              style={Object {}}
              title=""
            />,
            "5555555",
          ],
          "className": "ContactInfo__Information",
        },
        "ref": null,
        "rendered": Array [
          Object {
            "instance": null,
            "key": undefined,
            "nodeType": "class",
            "props": Object {
              "className": "",
              "icon": "fa fa-mobile",
              "onClick": [Function],
              "style": Object {},
              "title": "",
            },
            "ref": null,
            "rendered": null,
            "type": [Function],
          },
          "5555555",
        ],
        "type": "div",
      },
      Object {
        "instance": null,
        "key": undefined,
        "nodeType": "host",
        "props": Object {
          "children": Array [
            <Icon
              className=""
              icon="fa fa-fax"
              onClick={[Function]}
              style={Object {}}
              title=""
            />,
            "6554 6546 4664 655546",
          ],
          "className": "ContactInfo__Information",
        },
        "ref": null,
        "rendered": Array [
          Object {
            "instance": null,
            "key": undefined,
            "nodeType": "class",
            "props": Object {
              "className": "",
              "icon": "fa fa-fax",
              "onClick": [Function],
              "style": Object {},
              "title": "",
            },
            "ref": null,
            "rendered": null,
            "type": [Function],
          },
          "6554 6546 4664 655546",
        ],
        "type": "div",
      },
      Object {
        "instance": null,
        "key": undefined,
        "nodeType": "host",
        "props": Object {
          "children": Array [
            <Icon
              className=""
              icon="fa fa-globe"
              onClick={[Function]}
              style={Object {}}
              title=""
            />,
            "www.front10.com",
          ],
          "className": "ContactInfo__Information",
        },
        "ref": null,
        "rendered": Array [
          Object {
            "instance": null,
            "key": undefined,
            "nodeType": "class",
            "props": Object {
              "className": "",
              "icon": "fa fa-globe",
              "onClick": [Function],
              "style": Object {},
              "title": "",
            },
            "ref": null,
            "rendered": null,
            "type": [Function],
          },
          "www.front10.com",
        ],
        "type": "div",
      },
    ],
    "type": [Function],
  },
  Symbol(enzyme.__nodes__): Array [
    Object {
      "instance": null,
      "key": undefined,
      "nodeType": "class",
      "props": Object {
        "children": Array [
          0,
          <div
            className="ContactInfo__Information"
          >
            <Icon
              className=""
              icon="fa fa-map-marker"
              onClick={[Function]}
              style={Object {}}
              title=""
            />
            Front10 address
          </div>,
          <div
            className="ContactInfo__Information"
          >
            <Icon
              className=""
              icon="fa fa-envelope"
              onClick={[Function]}
              style={Object {}}
              title=""
            />
            hello@front10.com
          </div>,
          <div
            className="ContactInfo__Information"
          >
            <Icon
              className=""
              icon="fa fa-phone"
              onClick={[Function]}
              style={Object {}}
              title=""
            />
            55555555
          </div>,
          <div
            className="ContactInfo__Information"
          >
            <Icon
              className=""
              icon="fa fa-mobile"
              onClick={[Function]}
              style={Object {}}
              title=""
            />
            5555555
          </div>,
          <div
            className="ContactInfo__Information"
          >
            <Icon
              className=""
              icon="fa fa-fax"
              onClick={[Function]}
              style={Object {}}
              title=""
            />
            6554 6546 4664 655546
          </div>,
          <div
            className="ContactInfo__Information"
          >
            <Icon
              className=""
              icon="fa fa-globe"
              onClick={[Function]}
              style={Object {}}
              title=""
            />
            www.front10.com
          </div>,
        ],
        "contentAlign": "left",
        "image": "",
        "imageBorder": false,
        "imageCircle": true,
        "imageShadow": false,
        "shadow": false,
        "showBorder": true,
        "subTitle": "",
        "summary": "",
        "summaryJustified": false,
        "title": "",
      },
      "ref": null,
      "rendered": Array [
        0,
        Object {
          "instance": null,
          "key": undefined,
          "nodeType": "host",
          "props": Object {
            "children": Array [
              <Icon
                className=""
                icon="fa fa-map-marker"
                onClick={[Function]}
                style={Object {}}
                title=""
              />,
              "Front10 address",
            ],
            "className": "ContactInfo__Information",
          },
          "ref": null,
          "rendered": Array [
            Object {
              "instance": null,
              "key": undefined,
              "nodeType": "class",
              "props": Object {
                "className": "",
                "icon": "fa fa-map-marker",
                "onClick": [Function],
                "style": Object {},
                "title": "",
              },
              "ref": null,
              "rendered": null,
              "type": [Function],
            },
            "Front10 address",
          ],
          "type": "div",
        },
        Object {
          "instance": null,
          "key": undefined,
          "nodeType": "host",
          "props": Object {
            "children": Array [
              <Icon
                className=""
                icon="fa fa-envelope"
                onClick={[Function]}
                style={Object {}}
                title=""
              />,
              "hello@front10.com",
            ],
            "className": "ContactInfo__Information",
          },
          "ref": null,
          "rendered": Array [
            Object {
              "instance": null,
              "key": undefined,
              "nodeType": "class",
              "props": Object {
                "className": "",
                "icon": "fa fa-envelope",
                "onClick": [Function],
                "style": Object {},
                "title": "",
              },
              "ref": null,
              "rendered": null,
              "type": [Function],
            },
            "hello@front10.com",
          ],
          "type": "div",
        },
        Object {
          "instance": null,
          "key": undefined,
          "nodeType": "host",
          "props": Object {
            "children": Array [
              <Icon
                className=""
                icon="fa fa-phone"
                onClick={[Function]}
                style={Object {}}
                title=""
              />,
              "55555555",
            ],
            "className": "ContactInfo__Information",
          },
          "ref": null,
          "rendered": Array [
            Object {
              "instance": null,
              "key": undefined,
              "nodeType": "class",
              "props": Object {
                "className": "",
                "icon": "fa fa-phone",
                "onClick": [Function],
                "style": Object {},
                "title": "",
              },
              "ref": null,
              "rendered": null,
              "type": [Function],
            },
            "55555555",
          ],
          "type": "div",
        },
        Object {
          "instance": null,
          "key": undefined,
          "nodeType": "host",
          "props": Object {
            "children": Array [
              <Icon
                className=""
                icon="fa fa-mobile"
                onClick={[Function]}
                style={Object {}}
                title=""
              />,
              "5555555",
            ],
            "className": "ContactInfo__Information",
          },
          "ref": null,
          "rendered": Array [
            Object {
              "instance": null,
              "key": undefined,
              "nodeType": "class",
              "props": Object {
                "className": "",
                "icon": "fa fa-mobile",
                "onClick": [Function],
                "style": Object {},
                "title": "",
              },
              "ref": null,
              "rendered": null,
              "type": [Function],
            },
            "5555555",
          ],
          "type": "div",
        },
        Object {
          "instance": null,
          "key": undefined,
          "nodeType": "host",
          "props": Object {
            "children": Array [
              <Icon
                className=""
                icon="fa fa-fax"
                onClick={[Function]}
                style={Object {}}
                title=""
              />,
              "6554 6546 4664 655546",
            ],
            "className": "ContactInfo__Information",
          },
          "ref": null,
          "rendered": Array [
            Object {
              "instance": null,
              "key": undefined,
              "nodeType": "class",
              "props": Object {
                "className": "",
                "icon": "fa fa-fax",
                "onClick": [Function],
                "style": Object {},
                "title": "",
              },
              "ref": null,
              "rendered": null,
              "type": [Function],
            },
            "6554 6546 4664 655546",
          ],
          "type": "div",
        },
        Object {
          "instance": null,
          "key": undefined,
          "nodeType": "host",
          "props": Object {
            "children": Array [
              <Icon
                className=""
                icon="fa fa-globe"
                onClick={[Function]}
                style={Object {}}
                title=""
              />,
              "www.front10.com",
            ],
            "className": "ContactInfo__Information",
          },
          "ref": null,
          "rendered": Array [
            Object {
              "instance": null,
              "key": undefined,
              "nodeType": "class",
              "props": Object {
                "className": "",
                "icon": "fa fa-globe",
                "onClick": [Function],
                "style": Object {},
                "title": "",
              },
              "ref": null,
              "rendered": null,
              "type": [Function],
            },
            "www.front10.com",
          ],
          "type": "div",
        },
      ],
      "type": [Function],
    },
  ],
  Symbol(enzyme.__options__): Object {
    "adapter": ReactSixteenAdapter {
      "options": Object {
        "enableComponentDidUpdateOnSetState": true,
        "lifecycles": Object {
          "componentDidUpdate": Object {
            "onSetState": true,
          },
          "getDerivedStateFromProps": true,
          "getSnapshotBeforeUpdate": true,
          "setState": Object {
            "skipsComponentDidUpdateOnNullish": true,
          },
        },
      },
    },
  },
}
`;
