// Jest Snapshot v1, https://goo.gl/fbAQLP

exports[`Donation Donation should render 1`] = `
ShallowWrapper {
  Symbol(enzyme.__root__): [Circular],
  Symbol(enzyme.__unrendered__): <Donation
    image="https://opencollective.com/webpack/donate/button@2x.png?color=blue"
    imageAlt="Open collective logo"
    imageWidth="300"
    url="https://front10.com"
  />,
  Symbol(enzyme.__renderer__): Object {
    "batchedUpdates": [Function],
    "getNode": [Function],
    "render": [Function],
    "simulateError": [Function],
    "simulateEvent": [Function],
    "unmount": [Function],
  },
  Symbol(enzyme.__node__): Object {
    "instance": null,
    "key": undefined,
    "nodeType": "class",
    "props": Object {
      "children": <Image
        alt="Open collective logo"
        border={false}
        className="img-fluid"
        imgFilter={null}
        rounded={false}
        shadow={false}
        src="https://opencollective.com/webpack/donate/button@2x.png?color=blue"
        tooltip=""
        width="300"
      />,
      "className": "",
      "disabled": false,
      "href": "https://front10.com",
      "style": null,
      "target": "_blank",
      "tooltip": "",
    },
    "ref": null,
    "rendered": Object {
      "instance": null,
      "key": undefined,
      "nodeType": "class",
      "props": Object {
        "alt": "Open collective logo",
        "border": false,
        "className": "img-fluid",
        "imgFilter": null,
        "rounded": false,
        "shadow": false,
        "src": "https://opencollective.com/webpack/donate/button@2x.png?color=blue",
        "tooltip": "",
        "width": "300",
      },
      "ref": null,
      "rendered": null,
      "type": [Function],
    },
    "type": [Function],
  },
  Symbol(enzyme.__nodes__): Array [
    Object {
      "instance": null,
      "key": undefined,
      "nodeType": "class",
      "props": Object {
        "children": <Image
          alt="Open collective logo"
          border={false}
          className="img-fluid"
          imgFilter={null}
          rounded={false}
          shadow={false}
          src="https://opencollective.com/webpack/donate/button@2x.png?color=blue"
          tooltip=""
          width="300"
        />,
        "className": "",
        "disabled": false,
        "href": "https://front10.com",
        "style": null,
        "target": "_blank",
        "tooltip": "",
      },
      "ref": null,
      "rendered": Object {
        "instance": null,
        "key": undefined,
        "nodeType": "class",
        "props": Object {
          "alt": "Open collective logo",
          "border": false,
          "className": "img-fluid",
          "imgFilter": null,
          "rounded": false,
          "shadow": false,
          "src": "https://opencollective.com/webpack/donate/button@2x.png?color=blue",
          "tooltip": "",
          "width": "300",
        },
        "ref": null,
        "rendered": null,
        "type": [Function],
      },
      "type": [Function],
    },
  ],
  Symbol(enzyme.__options__): Object {
    "adapter": ReactSixteenAdapter {
      "options": Object {
        "enableComponentDidUpdateOnSetState": true,
        "lifecycles": Object {
          "componentDidUpdate": Object {
            "onSetState": true,
          },
          "getDerivedStateFromProps": true,
          "getSnapshotBeforeUpdate": true,
          "setState": Object {
            "skipsComponentDidUpdateOnNullish": true,
          },
        },
      },
    },
  },
}
`;
